<?xml version='1.0' encoding='utf-8' standalone='yes'?>
<w:document xmlns:wpc="http://schemas.microsoft.com/office/word/2010/wordprocessingCanvas" xmlns:cx="http://schemas.microsoft.com/office/drawing/2014/chartex" xmlns:cx1="http://schemas.microsoft.com/office/drawing/2015/9/8/chartex" xmlns:cx2="http://schemas.microsoft.com/office/drawing/2015/10/21/chartex" xmlns:cx3="http://schemas.microsoft.com/office/drawing/2016/5/9/chartex" xmlns:cx4="http://schemas.microsoft.com/office/drawing/2016/5/10/chartex" xmlns:cx5="http://schemas.microsoft.com/office/drawing/2016/5/11/chartex" xmlns:cx6="http://schemas.microsoft.com/office/drawing/2016/5/12/chartex" xmlns:cx7="http://schemas.microsoft.com/office/drawing/2016/5/13/chartex" xmlns:cx8="http://schemas.microsoft.com/office/drawing/2016/5/14/chartex" xmlns:mc="http://schemas.openxmlformats.org/markup-compatibility/2006" xmlns:aink="http://schemas.microsoft.com/office/drawing/2016/ink" xmlns:am3d="http://schemas.microsoft.com/office/drawing/2017/model3d" xmlns:o="urn:schemas-microsoft-com:office:office" xmlns:r="http://schemas.openxmlformats.org/officeDocument/2006/relationships" xmlns:m="http://schemas.openxmlformats.org/officeDocument/2006/math" xmlns:v="urn:schemas-microsoft-com:vml" xmlns:wp14="http://schemas.microsoft.com/office/word/2010/wordprocessingDrawing" xmlns:wp="http://schemas.openxmlformats.org/drawingml/2006/wordprocessingDrawing" xmlns:w10="urn:schemas-microsoft-com:office:word" xmlns:w="http://schemas.openxmlformats.org/wordprocessingml/2006/main" xmlns:w14="http://schemas.microsoft.com/office/word/2010/wordml" xmlns:w15="http://schemas.microsoft.com/office/word/2012/wordml" xmlns:w16cid="http://schemas.microsoft.com/office/word/2016/wordml/cid" xmlns:w16se="http://schemas.microsoft.com/office/word/2015/wordml/symex" xmlns:wpg="http://schemas.microsoft.com/office/word/2010/wordprocessingGroup" xmlns:wpi="http://schemas.microsoft.com/office/word/2010/wordprocessingInk" xmlns:wne="http://schemas.microsoft.com/office/word/2006/wordml" xmlns:wps="http://schemas.microsoft.com/office/word/2010/wordprocessingShape" mc:Ignorable="w14 w15 w16se w16cid wp14"><w:body><w:p w14:paraId="76BF7474" w14:textId="406A78E3" w:rsidR="00807F9A" w:rsidRDefault="00807F9A"><w:r><w:t>Styled</w:t></w:r></w:p><w:p w14:paraId="7270C87F" w14:textId="3E3EFB89" w:rsidR="00807F9A" w:rsidRPr="00807F9A" w:rsidRDefault="00807F9A" w:rsidP="00807F9A"><w:pPr><w:rPr/></w:pPr><w:r w:rsidRPr="00807F9A"><w:rPr><w:rStyle w:val="cs-isbnisbn"/></w:rPr><w:t>9780 123456789</w:t></w:r><w:r w:rsidRPr="00807F9A"><w:rPr/><w:t xml:space="preserve"> 979-2</w:t></w:r><w:r w:rsidR="003C7208"><w:rPr/><w:t>a</w:t></w:r><w:r w:rsidRPr="00807F9A"><w:rPr/><w:t xml:space="preserve">123-45678-9 </w:t></w:r></w:p><w:p w14:paraId="58455BB4" w14:textId="23EA47D7" w:rsidR="00807F9A" w:rsidRPr="00807F9A" w:rsidRDefault="00807F9A" w:rsidP="00807F9A"><w:pPr><w:rPr/></w:pPr><w:r w:rsidRPr="00807F9A"><w:rPr><w:rStyle w:val="cs-isbnisbn"/></w:rPr><w:t xml:space="preserve">9787123456789</w:t></w:r><w:r w:rsidRPr="00807F9A"><w:rPr/><w:t xml:space="preserve"> 97-9112-3-4-5-6789 </w:t></w:r></w:p><w:p w14:paraId="375879CC" w14:textId="77777777" w:rsidR="00807F9A" w:rsidRDefault="00807F9A" w:rsidP="00807F9A"><w:pPr><w:pStyle w:val="Body-TextTx"/><w:rPr><w:rFonts w:eastAsia="Times New Roman"/></w:rPr></w:pPr></w:p><w:p w14:paraId="6985DD2E" w14:textId="3E2F4AE1" w:rsidR="00807F9A" w:rsidRDefault="00807F9A" w:rsidP="00807F9A"><w:pPr><w:pStyle w:val="Body-TextTx"/><w:rPr><w:rFonts w:eastAsia="Times New Roman"/></w:rPr></w:pPr><w:r w:rsidRPr="00807F9A"><w:rPr/><w:t>ISBN: 978-</w:t></w:r><w:r><w:rPr/><w:t>1-250-18618-8</w:t></w:r></w:p><w:p w14:paraId="6ABE75F3" w14:textId="6AB7EE3D" w:rsidR="00807F9A" w:rsidRPr="00AB78DE" w:rsidRDefault="00807F9A" w:rsidP="00807F9A"><w:pPr><w:pStyle w:val="Body-TextTx"/></w:pPr><w:bookmarkStart w:id="0" w:name="_Hlk98147448"/><w:r w:rsidRPr="00AB78DE"><w:t xml:space="preserve">ISBN </w:t></w:r><w:r w:rsidRPr="00AB78DE"><w:rPr/><w:t>97</w:t></w:r><w:r><w:rPr/><w:t>8-1-2</w:t></w:r><w:r w:rsidRPr="00AB78DE"><w:rPr/><w:t>5</w:t></w:r><w:r><w:rPr/><w:t>0</w:t></w:r><w:r w:rsidR="00EA2C00"><w:rPr/><w:t>—</w:t></w:r><w:r><w:rPr/><w:t>8</w:t></w:r><w:r w:rsidRPr="00AB78DE"><w:rPr/><w:t>240</w:t></w:r><w:r><w:rPr/><w:t>7-3</w:t></w:r><w:r w:rsidRPr="00AB78DE"><w:t xml:space="preserve"> (hardcover)</w:t></w:r></w:p><w:p w14:paraId="27BFEB55" w14:textId="059CCE4D" w:rsidR="00807F9A" w:rsidRPr="00807F9A" w:rsidRDefault="00807F9A" w:rsidP="00807F9A"><w:pPr><w:pStyle w:val="Body-TextTx"/><w:rPr/></w:pPr><w:r w:rsidRPr="00AB78DE"><w:t>ISBN</w:t></w:r><w:r w:rsidRPr="00807F9A"><w:rPr/><w:t xml:space="preserve"> 978-1-250</w:t></w:r><w:r w:rsidR="00EA2C00"><w:rPr/><w:t>–</w:t></w:r><w:r w:rsidRPr="00807F9A"><w:rPr/><w:t>82411-0 (</w:t></w:r><w:proofErr w:type="spellStart"/><w:r w:rsidRPr="00807F9A"><w:rPr/><w:t>ebook</w:t></w:r><w:proofErr w:type="spellEnd"/><w:r w:rsidRPr="00807F9A"><w:rPr/><w:t>)</w:t></w:r></w:p><w:bookmarkEnd w:id="0"/><w:p w14:paraId="7ED5546F" w14:textId="77777777" w:rsidR="00807F9A" w:rsidRDefault="00807F9A"><w:pPr><w:rPr><w:noProof/></w:rPr></w:pPr><w:r w:rsidRPr="00807F9A"><w:rPr/><w:t xml:space="preserve">Lorem </w:t></w:r><w:r><w:rPr><w:noProof/></w:rPr><w:t>ipsum dolor sit amet, consectetuer adipiscing elit. Maecenas porttitor congue massa. Fusce posuere, magna sed pulvinar ultricies, purus lectus malesuada libero, sit amet commodo magna eros quis urna.</w:t></w:r></w:p><w:p w14:paraId="47A6F185" w14:textId="77777777" w:rsidR="00807F9A" w:rsidRDefault="00807F9A"><w:pPr><w:rPr><w:noProof/></w:rPr></w:pPr><w:r><w:rPr><w:noProof/></w:rPr><w:t>Nunc viverra imperdiet enim. Fusce est. Vivamus a tellus.</w:t></w:r></w:p><w:p w14:paraId="4A1D20FC" w14:textId="77777777" w:rsidR="00807F9A" w:rsidRDefault="00807F9A"><w:pPr><w:rPr><w:noProof/></w:rPr></w:pPr><w:r><w:rPr><w:noProof/></w:rPr><w:t>Pellentesque habitant morbi tristique senectus et netus et malesuada fames ac turpis egestas. Proin pharetra nonummy pede. Mauris et orci.</w:t></w:r></w:p><w:p w14:paraId="2587E07D" w14:textId="77777777" w:rsidR="00807F9A" w:rsidRDefault="00807F9A"><w:pPr><w:rPr><w:noProof/></w:rPr></w:pPr><w:r><w:rPr><w:noProof/></w:rPr><w:t>Aenean nec lorem. In porttitor. Donec laoreet nonummy augue.</w:t></w:r></w:p><w:p w14:paraId="7EBC0B49" w14:textId="37B78AAF" w:rsidR="00807F9A" w:rsidRDefault="00807F9A"><w:r><w:rPr><w:noProof/></w:rPr><w:t>Suspendisse dui purus, scelerisque at, vulputate vitae, pretium mattis, nunc. Mauris eget neque at sem venenatis eleifend. Ut nonummy.</w:t></w:r></w:p><w:p w14:paraId="6DA15AE0" w14:textId="02996111" w:rsidR="00807F9A" w:rsidRDefault="00392D0A"><w:proofErr w:type="spellStart"/><w:r><w:t>Unstyled</w:t></w:r><w:proofErr w:type="spellEnd"/></w:p><w:p w14:paraId="21B429B7" w14:textId="0C391BB2" w:rsidR="00392D0A" w:rsidRPr="00392D0A" w:rsidRDefault="00392D0A" w:rsidP="00392D0A"><w:r w:rsidRPr="00392D0A"><w:t>978-0 123-4-5-6789 979-2</w:t></w:r><w:r w:rsidR="003C7208"><w:t>a</w:t></w:r><w:bookmarkStart w:id="1" w:name="_GoBack"/><w:bookmarkEnd w:id="1"/><w:r w:rsidRPr="00392D0A"><w:t xml:space="preserve">123-45678-9 </w:t></w:r></w:p><w:p w14:paraId="17B119A4" w14:textId="77777777" w:rsidR="00392D0A" w:rsidRPr="00392D0A" w:rsidRDefault="00392D0A" w:rsidP="00392D0A"><w:r w:rsidRPr="00392D0A"><w:t xml:space="preserve">9-787-12-345678-9 97-9112-3-4-5-6789 </w:t></w:r></w:p><w:p w14:paraId="003158FC" w14:textId="77777777" w:rsidR="00392D0A" w:rsidRPr="00392D0A" w:rsidRDefault="00392D0A" w:rsidP="00392D0A"/><w:p w14:paraId="002F7C10" w14:textId="77777777" w:rsidR="00392D0A" w:rsidRPr="00392D0A" w:rsidRDefault="00392D0A" w:rsidP="00392D0A"><w:r w:rsidRPr="00392D0A"><w:t>ISBN: 978-1-250-18618-8</w:t></w:r></w:p><w:p w14:paraId="38B7345A" w14:textId="498E34F6" w:rsidR="00392D0A" w:rsidRPr="00392D0A" w:rsidRDefault="00392D0A" w:rsidP="00392D0A"><w:r w:rsidRPr="00392D0A"><w:t>ISBN 978-1-250</w:t></w:r><w:r w:rsidR="00DF4A8C"><w:t>—</w:t></w:r><w:r w:rsidRPr="00392D0A"><w:t>82407-3 (hardcover)</w:t></w:r></w:p><w:p w14:paraId="67602DEF" w14:textId="66D1CC7E" w:rsidR="00392D0A" w:rsidRPr="00392D0A" w:rsidRDefault="00392D0A" w:rsidP="00392D0A"><w:r w:rsidRPr="00392D0A"><w:t>ISBN 978-1-250</w:t></w:r><w:r w:rsidR="00DF4A8C"><w:t>–</w:t></w:r><w:r w:rsidRPr="00392D0A"><w:t>82411-0 (</w:t></w:r><w:proofErr w:type="spellStart"/><w:r w:rsidRPr="00392D0A"><w:t>ebook</w:t></w:r><w:proofErr w:type="spellEnd"/><w:r w:rsidRPr="00392D0A"><w:t>)</w:t></w:r></w:p><w:p w14:paraId="512D8292" w14:textId="77777777" w:rsidR="00392D0A" w:rsidRDefault="00392D0A"/><w:sectPr w:rsidR="00392D0A" w:rsidSect="00D11020"><w:pgSz w:w="12240" w:h="15840"/><w:pgMar w:top="1440" w:right="1440" w:bottom="1440" w:left="1440" w:header="720" w:footer="720" w:gutter="0"/><w:cols w:space="720"/><w:docGrid w:linePitch="360"/></w:sectPr></w:body></w:document>