<?xml version="1.0" encoding="UTF-8" standalone="yes"?>
<w:footnotes xmlns:wpc="http://schemas.microsoft.com/office/word/2010/wordprocessingCanvas" xmlns:cx="http://schemas.microsoft.com/office/drawing/2014/chartex" xmlns:cx1="http://schemas.microsoft.com/office/drawing/2015/9/8/chartex" xmlns:cx2="http://schemas.microsoft.com/office/drawing/2015/10/21/chartex" xmlns:cx3="http://schemas.microsoft.com/office/drawing/2016/5/9/chartex" xmlns:cx4="http://schemas.microsoft.com/office/drawing/2016/5/10/chartex" xmlns:cx5="http://schemas.microsoft.com/office/drawing/2016/5/11/chartex" xmlns:cx6="http://schemas.microsoft.com/office/drawing/2016/5/12/chartex" xmlns:cx7="http://schemas.microsoft.com/office/drawing/2016/5/13/chartex" xmlns:cx8="http://schemas.microsoft.com/office/drawing/2016/5/14/chartex" xmlns:mc="http://schemas.openxmlformats.org/markup-compatibility/2006" xmlns:aink="http://schemas.microsoft.com/office/drawing/2016/ink" xmlns:am3d="http://schemas.microsoft.com/office/drawing/2017/model3d" xmlns:o="urn:schemas-microsoft-com:office:office" xmlns:oel="http://schemas.microsoft.com/office/2019/extlst" xmlns:r="http://schemas.openxmlformats.org/officeDocument/2006/relationships" xmlns:m="http://schemas.openxmlformats.org/officeDocument/2006/math" xmlns:v="urn:schemas-microsoft-com:vml" xmlns:wp14="http://schemas.microsoft.com/office/word/2010/wordprocessingDrawing" xmlns:wp="http://schemas.openxmlformats.org/drawingml/2006/wordprocessingDrawing" xmlns:w10="urn:schemas-microsoft-com:office:word" xmlns:w="http://schemas.openxmlformats.org/wordprocessingml/2006/main" xmlns:w14="http://schemas.microsoft.com/office/word/2010/wordml" xmlns:w15="http://schemas.microsoft.com/office/word/2012/wordml" xmlns:w16cex="http://schemas.microsoft.com/office/word/2018/wordml/cex" xmlns:w16cid="http://schemas.microsoft.com/office/word/2016/wordml/cid" xmlns:w16="http://schemas.microsoft.com/office/word/2018/wordml" xmlns:w16sdtdh="http://schemas.microsoft.com/office/word/2020/wordml/sdtdatahash" xmlns:w16se="http://schemas.microsoft.com/office/word/2015/wordml/symex" xmlns:wpg="http://schemas.microsoft.com/office/word/2010/wordprocessingGroup" xmlns:wpi="http://schemas.microsoft.com/office/word/2010/wordprocessingInk" xmlns:wne="http://schemas.microsoft.com/office/word/2006/wordml" xmlns:wps="http://schemas.microsoft.com/office/word/2010/wordprocessingShape" mc:Ignorable="w14 w15 w16se w16cid w16 w16cex w16sdtdh wp14"><w:footnote w:type="separator" w:id="-1"><w:p w14:paraId="78485C1B" w14:textId="77777777" w:rsidR="00510AC2" w:rsidRDefault="00510AC2" w:rsidP="003A1DD3"><w:pPr><w:spacing w:after="0" w:line="240" w:lineRule="auto"/></w:pPr><w:r><w:separator/></w:r></w:p></w:footnote><w:footnote w:type="continuationSeparator" w:id="0"><w:p w14:paraId="77614CAA" w14:textId="77777777" w:rsidR="00510AC2" w:rsidRDefault="00510AC2" w:rsidP="003A1DD3"><w:pPr><w:spacing w:after="0" w:line="240" w:lineRule="auto"/></w:pPr><w:r><w:continuationSeparator/></w:r></w:p></w:footnote><w:footnote w:id="1"><w:p w14:paraId="2503A221" w14:textId="734D47B0" w:rsidR="003A1DD3" w:rsidRDefault="003A1DD3"><w:pPr><w:pStyle w:val="FootnoteText"/></w:pPr><w:r><w:rPr><w:rStyle w:val="FootnoteReference"/></w:rPr><w:footnoteRef/></w:r><w:r><w:t xml:space="preserve"> </w:t></w:r><w:proofErr w:type="spellStart"/><w:r><w:t>Fn</w:t></w:r><w:proofErr w:type="spellEnd"/><w:r><w:t xml:space="preserve"> one</w:t></w:r></w:p></w:footnote><w:footnote w:id="2"><w:p w14:paraId="5EE75C9B" w14:textId="21B06A07" w:rsidR="00C2209A" w:rsidRDefault="00C2209A"><w:pPr><w:pStyle w:val="FootnoteText"/></w:pPr><w:r><w:rPr><w:rStyle w:val="FootnoteReference"/></w:rPr><w:footnoteRef/></w:r><w:r><w:t xml:space="preserve"> </w:t></w:r><w:proofErr w:type="spellStart"/><w:r><w:t>Fn</w:t></w:r><w:proofErr w:type="spellEnd"/><w:r><w:t xml:space="preserve"> </w:t></w:r><w:proofErr w:type="spellStart"/><w:r w:rsidR="00A9235B" w:rsidRPr="00A9235B"><w:rPr></w:rPr><w:t>En</w:t></w:r><w:proofErr w:type="spellEnd"/><w:r w:rsidR="00A9235B"><w:t xml:space="preserve"> </w:t></w:r><w:r><w:t>two</w:t></w:r></w:p></w:footnote><w:footnote w:id="3"><w:p w14:paraId="4BE51178" w14:textId="606A6417" w:rsidR="003565F6" w:rsidRDefault="003565F6"><w:pPr><w:pStyle w:val="FootnoteText"/></w:pPr><w:r><w:rPr><w:rStyle w:val="FootnoteReference"/></w:rPr><w:footnoteRef/></w:r><w:r><w:t xml:space="preserve"> And here</w:t></w:r></w:p><w:tbl><w:tblPr><w:tblStyle w:val="TableGrid"/><w:tblW w:w="0" w:type="auto"/><w:tblLook w:val="04A0" w:firstRow="1" w:lastRow="0" w:firstColumn="1" w:lastColumn="0" w:noHBand="0" w:noVBand="1"/></w:tblPr><w:tblGrid><w:gridCol w:w="3116"/><w:gridCol w:w="3117"/><w:gridCol w:w="3117"/></w:tblGrid><w:tr w:rsidR="003565F6" w14:paraId="0A0DB62F" w14:textId="77777777" w:rsidTr="003565F6"><w:tc><w:tcPr><w:tcW w:w="3116" w:type="dxa"/></w:tcPr><w:p w14:paraId="0B198BE2" w14:textId="55F6F1F2" w:rsidR="003565F6" w:rsidRDefault="003565F6"><w:pPr><w:pStyle w:val="FootnoteText"/></w:pPr><w:r><w:t xml:space="preserve">Fm 3 </w:t></w:r><w:proofErr w:type="spellStart"/><w:r><w:t>hs</w:t></w:r><w:proofErr w:type="spellEnd"/><w:r><w:t xml:space="preserve"> a </w:t></w:r><w:r w:rsidR="00A9235B"><w:t>(</w:t></w:r><w:proofErr w:type="spellStart"/><w:r w:rsidR="00A9235B" w:rsidRPr="00A9235B"><w:rPr></w:rPr><w:t>fn</w:t></w:r><w:proofErr w:type="spellEnd"/><w:r w:rsidR="00A9235B"><w:t xml:space="preserve">) </w:t></w:r><w:r><w:t>table</w:t></w:r></w:p></w:tc><w:tc><w:tcPr><w:tcW w:w="3117" w:type="dxa"/></w:tcPr><w:p w14:paraId="6E180C02" w14:textId="77777777" w:rsidR="003565F6" w:rsidRDefault="003565F6"><w:pPr><w:pStyle w:val="FootnoteText"/></w:pPr></w:p></w:tc><w:tc><w:tcPr><w:tcW w:w="3117" w:type="dxa"/></w:tcPr><w:p w14:paraId="2B918E52" w14:textId="77777777" w:rsidR="003565F6" w:rsidRDefault="003565F6"><w:pPr><w:pStyle w:val="FootnoteText"/></w:pPr></w:p></w:tc></w:tr></w:tbl><w:p w14:paraId="17BA8918" w14:textId="27503A9B" w:rsidR="003565F6" w:rsidRDefault="003565F6"><w:pPr><w:pStyle w:val="FootnoteText"/></w:pPr></w:p></w:footnote></w:footnotes>