{
    "fm_section_in_body": [
        {
            "description": "Section-DedicationSDE", 
            "para_id": "4146740F"
        }, 
        {
            "description": "Section-Ebook-CopyrightSECR", 
            "para_id": "158A8AG9"
        }
    ], 
    "section_start_found": [
        {
            "description": "Section-BookBOOK", 
            "para_id": "12F15B78", 
            "para_index": 0, 
            "para_string": "Ring Shout", 
            "parent_section_start_content": "Ring Shout", 
            "parent_section_start_type": "Section-BookBOOK"
        }, 
        {
            "description": "Section-HalftitleSHT", 
            "para_id": "504EC988", 
            "para_index": 1, 
            "para_string": "Halftitle Page", 
            "parent_section_start_content": "Halftitle Page", 
            "parent_section_start_type": "Section-HalftitleSHT"
        }, 
        {
            "description": "Section-TitlepageSTI", 
            "para_id": "177E5C48", 
            "para_index": 3, 
            "para_string": "Titlepage", 
            "parent_section_start_content": "Titlepage", 
            "parent_section_start_type": "Section-TitlepageSTI"
        }, 
        {
            "description": "Section-CopyrightSCR", 
            "para_id": "44388883", 
            "para_index": 11, 
            "para_string": "Copyright", 
            "parent_section_start_content": "Copyright", 
            "parent_section_start_type": "Section-CopyrightSCR"
        }, 
        {
            "description": "Section-DedicationSDE", 
            "para_id": "41467400", 
            "para_index": 41, 
            "para_string": "Dedication", 
            "parent_section_start_content": "Dedication", 
            "parent_section_start_type": "Section-DedicationSDE"
        }, 
        {
            "description": "Section-AcknowledgmentsSAK", 
            "para_id": "14EE2E4E", 
            "para_index": 42, 
            "para_string": "Acknowledgments", 
            "parent_section_start_content": "Source Acknowledgments", 
            "parent_section_start_type": "Section-AcknowledgmentsSAK"
        }, 
        {
            "description": "Section-Front-Matter-GeneralSFM", 
            "para_id": "6A3039BB", 
            "para_index": 44, 
            "para_string": "Front Matter General", 
            "parent_section_start_content": "Front Matter General", 
            "parent_section_start_type": "Section-Front-Matter-GeneralSFM"
        }, 
        {
            "description": "Section-HalftitleSHT", 
            "para_id": "1DD8A189", 
            "para_index": 48, 
            "para_string": "Halftitle Page", 
            "parent_section_start_content": "Halftitle Page", 
            "parent_section_start_type": "Section-HalftitleSHT"
        }, 
        {
            "description": "Section-EpigraphSEP", 
            "para_id": "4C84A222", 
            "para_index": 49, 
            "para_string": "Middle Epigraph", 
            "parent_section_start_content": "Opening Epigraph", 
            "parent_section_start_type": "Section-EpigraphSEP"
        }, 
        {
            "description": "Section-ChapterSCP", 
            "para_id": "6578D10B", 
            "para_index": 50, 
            "para_string": "1", 
            "parent_section_start_content": "1", 
            "parent_section_start_type": "Section-ChapterSCP"
        }, 
        {
            "description": "Section-ChapterSCP", 
            "para_id": "44E9B60E", 
            "para_index": 178, 
            "para_string": "2", 
            "parent_section_start_content": "2", 
            "parent_section_start_type": "Section-ChapterSCP"
        }, 
        {
            "description": "Section-ChapterSCP", 
            "para_id": "6A2148C2", 
            "para_index": 371, 
            "para_string": "3", 
            "parent_section_start_content": "3", 
            "parent_section_start_type": "Section-ChapterSCP"
        }, 
        {
            "description": "Section-ChapterSCP", 
            "para_id": "6A5A1FC8", 
            "para_index": 561, 
            "para_string": "4", 
            "parent_section_start_content": "4", 
            "parent_section_start_type": "Section-ChapterSCP"
        }, 
        {
            "description": "Section-EpigraphSEP", 
            "para_id": "4C84D821", 
            "para_index": 661, 
            "para_string": "Middle Epigraph", 
            "parent_section_start_content": "Middle Epigraph", 
            "parent_section_start_type": "Section-EpigraphSEP"
        }, 
        {
            "description": "Section-ChapterSCP", 
            "para_id": "0BE86A0F", 
            "para_index": 748, 
            "para_string": "6", 
            "parent_section_start_content": "6", 
            "parent_section_start_type": "Section-ChapterSCP"
        }, 
        {
            "description": "Section-ChapterSCP", 
            "para_id": "77330DEE", 
            "para_index": 890, 
            "para_string": "7", 
            "parent_section_start_content": "7", 
            "parent_section_start_type": "Section-ChapterSCP"
        }, 
        {
            "description": "Section-ChapterSCP", 
            "para_id": "676101BF", 
            "para_index": 1006, 
            "para_string": "8", 
            "parent_section_start_content": "8", 
            "parent_section_start_type": "Section-ChapterSCP"
        }, 
        {
            "description": "Section-ChapterSCP", 
            "para_id": "2FF5966E", 
            "para_index": 1162, 
            "para_string": "9", 
            "parent_section_start_content": "9", 
            "parent_section_start_type": "Section-ChapterSCP"
        }, 
        {
            "description": "Section-ChapterSCP", 
            "para_id": "47B3837E", 
            "para_index": 1263, 
            "para_string": "Epilogue", 
            "parent_section_start_content": "Epilogue", 
            "parent_section_start_type": "Section-ChapterSCP"
        }, 
        {
            "description": "Section-DedicationSDE", 
            "para_id": "4146740F", 
            "para_index": 1269, 
            "para_string": "Dedication", 
            "parent_section_start_content": "Dedication2", 
            "parent_section_start_type": "Section-DedicationSDE"
        }, 
        {
            "description": "Section-Back-Matter-GeneralSBM", 
            "para_id": "5013DF43", 
            "para_index": 1308, 
            "para_string": "Back Matter General", 
            "parent_section_start_content": "Back Matter General", 
            "parent_section_start_type": "Section-Back-Matter-GeneralSBM"
        }, 
        {
            "description": "Section-AcknowledgmentsSAK", 
            "para_id": "24EE2E4E", 
            "para_index": 1311, 
            "para_string": "Acknowledgments", 
            "parent_section_start_content": "Acknowledgments", 
            "parent_section_start_type": "Section-AcknowledgmentsSAK"
        }, 
        {
            "description": "Section-About-AuthorSAA", 
            "para_id": "158A8AF8", 
            "para_index": 1314, 
            "para_string": "About the Author", 
            "parent_section_start_content": "About the Author", 
            "parent_section_start_type": "Section-AcknowledgmentsSAK"
        }, 
        {
            "description": "Section-Ebook-CopyrightSECR", 
            "para_id": "158A8AG9", 
            "para_index": 1320, 
            "para_string": "EBC", 
            "parent_section_start_content": "EBC", 
            "parent_section_start_type": "Section-Ebook-CopyrightSECR"
        }
    ]
}